
There are no discarded input sections

Memory Configuration

Name             Origin             Length             Attributes
FLASH            0x08000000         0x00080000         xr
SRAM             0x20000000         0x00010000         xrw
*default*        0x00000000         0xffffffff

Linker script and memory map

LOAD output/main.o
LOAD output/startup.o

.text           0x08000000      0x224
 *(.isr_vector)
 .isr_vector    0x08000000      0x18c output/startup.o
                0x08000000                vectorTable
 *(.text)
 .text          0x0800018c        0x8 output/main.o
                0x0800018c                main
 .text          0x08000194       0x90 output/startup.o
                0x08000194                Reset_Handler
                0x0800021c                SVCall_Handler
                0x0800021c                TIM20_UP_IRQ_Handler
                0x0800021c                EXTI3_IRQ_Handler
                0x0800021c                COMP456_IRQ_Handler
                0x0800021c                TIM20_TRG_COM_IRQ_Handler
                0x0800021c                ADC3_IRQ_Handler
                0x0800021c                USART2_IRQ_Handler
                0x0800021c                HardFault_Handler
                0x0800021c                TIM1_UP_TIM16_IRQ_Handler
                0x0800021c                UART5_IRQ_Handler
                0x0800021c                RTC_Alarm_IRQ_Handler
                0x0800021c                SysTick_Handler
                0x0800021c                I2C1_EV_IRQ_Handler
                0x0800021c                DMA1_Stream3_IRQ_Handler
                0x0800021c                PendSV_Handler
                0x0800021c                NMI_Handler
                0x0800021c                TIM3_IRQ_Handler
                0x0800021c                USART3_IRQ_Handler
                0x0800021c                DMA1_Stream1_IRQ_Handler
                0x0800021c                SPI1_IRQ_Handler
                0x0800021c                TIM2_IRQ_Handler
                0x0800021c                TIM20_BRK_IRQ_Handler
                0x0800021c                EXTI1_IRQ_Handler
                0x0800021c                UsageFault_Handler
                0x0800021c                USB_LP_CAN_RX0_IRQ_Handler
                0x0800021c                USB_HP_IRQ_Handler
                0x0800021c                DMA1_Stream4_IRQ_Handler
                0x0800021c                I2C1_ER_IRQ_Handler
                0x0800021c                USB_HP_CAN_TX_IRQ_Handler
                0x0800021c                COMP7_IRQ_Handler
                0x0800021c                EXTI9_5_IRQ_Handler
                0x0800021c                UART4_IRQ_Handler
                0x0800021c                DMA2_Stream1_IRQ_Handler
                0x0800021c                CAN_RX1_IRQ_Handler
                0x0800021c                DMA2_Stream5_IRQ_Handler
                0x0800021c                EXTI4_IRQ_Handler
                0x0800021c                DMA1_Stream5_IRQ_Handler
                0x0800021c                I2C2_ER_IRQ_Handler
                0x0800021c                TIM1_TRG_COM_TIM17_IRQ_Handler
                0x0800021c                TIM8_UP_IRQ_Handler
                0x0800021c                DMA1_Stream6_IRQ_Handler
                0x0800021c                I2C3_ER_IRQ_Handler
                0x0800021c                I2C2_EV_IRQ_Handler
                0x0800021c                DMA2_Stream3_IRQ_Handler
                0x0800021c                EXTI0_IRQ_Handler
                0x0800021c                DMA1_Stream7_IRQ_Handler
                0x0800021c                Flash_IRQ_Handler
                0x0800021c                PVD_IRQ_Handler
                0x0800021c                TIM1_BRK_TIM15_IRQ_Handler
                0x0800021c                ADC1_2_IRQ_Handler
                0x0800021c                SPI3_IRQ_Handler
                0x0800021c                DMA2_Stream4_IRQ_Handler
                0x0800021c                Default_Handler
                0x0800021c                DMA1_Stream2_IRQ_Handler
                0x0800021c                RTCWkup_IRQ_Handler
                0x0800021c                TIM4_IRQ_Handler
                0x0800021c                TIM6_DAC_IRQ_Handler
                0x0800021c                COMP123_IRQ_Handler
                0x0800021c                ADC4_IRQ_Handler
                0x0800021c                MemManage_Handler
                0x0800021c                TIM20_CC_IRQ_Handler
                0x0800021c                I2C3_EV_IRQ_Handler
                0x0800021c                USB_WKUP_RMP_IRQ_Handler
                0x0800021c                RCC_IRQ_Handler
                0x0800021c                USART1_IRQ_Handler
                0x0800021c                DMA2_Stream2_IRQ_Handler
                0x0800021c                SPI4_IRQ_Handler
                0x0800021c                FMC_IRQ_Handler
                0x0800021c                WWDG_IRQ_Handler
                0x0800021c                TIM1_CC_IRQ_Handler
                0x0800021c                SPI2_IRQ_Handler
                0x0800021c                TamperStamp_IRQ_Hanlder
                0x0800021c                CAN_SCE_IRQ_Handler
                0x0800021c                EXTI15_10_IRQ_Handler
                0x0800021c                EXTI2_TS_IRQ_Handler
                0x0800021c                TIM7_IRQ_Handler
                0x0800021c                FPU_IRQ_Handler
                0x0800021c                BusFault_Handler
                0x0800021c                TIM8_CC_IRQ_Handler
                0x0800021c                TIM8_BRK_IRQ_Handler
                0x0800021c                TIM8_TRG_COM_IRQ_Handler
                0x0800021c                USB_LP_IRQ_Handler
                0x0800021c                USBWakeup_IRQ_Handler
 *(.rodata)
                0x08000224                        . = ALIGN (0x4)
                0x08000224                        _etext = .

.glue_7         0x08000224        0x0
 .glue_7        0x08000224        0x0 linker stubs

.glue_7t        0x08000224        0x0
 .glue_7t       0x08000224        0x0 linker stubs

.vfp11_veneer   0x08000224        0x0
 .vfp11_veneer  0x08000224        0x0 linker stubs

.v4_bx          0x08000224        0x0
 .v4_bx         0x08000224        0x0 linker stubs

.iplt           0x08000224        0x0
 .iplt          0x08000224        0x0 output/startup.o

.rel.dyn        0x08000224        0x0
 .rel.iplt      0x08000224        0x0 output/startup.o

.data           0x20000000        0x0 load address 0x08000224
                0x20000000                        _sdata = .
 *(.data)
 .data          0x20000000        0x0 output/main.o
 .data          0x20000000        0x0 output/startup.o
                0x20000000                        . = ALIGN (0x4)
                0x20000000                        _edata = .

.igot.plt       0x20000000        0x0 load address 0x08000224
 .igot.plt      0x20000000        0x0 output/startup.o

.bss            0x20000000        0x0 load address 0x08000224
                0x20000000                        _sbss = .
 *(.bss)
 .bss           0x20000000        0x0 output/main.o
 .bss           0x20000000        0x0 output/startup.o
 *(COMMON)
                0x20000000                        . = ALIGN (0x4)
                0x20000000                        _ebss = .
OUTPUT(debug/firmware.elf elf32-littlearm)
LOAD linker stubs

.debug_info     0x00000000      0x1e0
 .debug_info    0x00000000       0x44 output/main.o
 .debug_info    0x00000044      0x19c output/startup.o

.debug_abbrev   0x00000000      0x138
 .debug_abbrev  0x00000000       0x3a output/main.o
 .debug_abbrev  0x0000003a       0xfe output/startup.o

.debug_aranges  0x00000000       0x40
 .debug_aranges
                0x00000000       0x20 output/main.o
 .debug_aranges
                0x00000020       0x20 output/startup.o

.debug_line     0x00000000      0x1b2
 .debug_line    0x00000000       0x3d output/main.o
 .debug_line    0x0000003d      0x175 output/startup.o

.debug_str      0x00000000      0x1b9
 .debug_str     0x00000000      0x1b9 output/main.o
                                 0xdd (size before relaxing)
 .debug_str     0x000001b9      0x1fd output/startup.o

.comment        0x00000000       0x45
 .comment       0x00000000       0x45 output/main.o
                                 0x46 (size before relaxing)
 .comment       0x00000045       0x46 output/startup.o

.ARM.attributes
                0x00000000       0x34
 .ARM.attributes
                0x00000000       0x34 output/main.o
 .ARM.attributes
                0x00000034       0x34 output/startup.o

.debug_frame    0x00000000       0x74
 .debug_frame   0x00000000       0x28 output/main.o
 .debug_frame   0x00000028       0x4c output/startup.o
